// Jest Snapshot v1, https://goo.gl/fbAQLP

exports[`Laminar fixtures Should build queries for uuid: Setup Queries 1`] = `
[
  {
    "text": "INSERT INTO "transactions" ("amount", "id") VALUES ($1,$2)",
    "values": [
      10,
      "cc2e2b52-ecd3-454a-8143-e0476f2fe6f1",
    ],
  },
]
`;

exports[`Laminar fixtures Should resolve circular refs 1`] = `
[
  {
    "columns": {
      "account_id": 1,
      "id": 1,
      "title": "contact 1",
    },
    "serialColumn": "id",
    "serialIndex": undefined,
    "table": "fit_contact",
    "updateMaxSerial": true,
  },
  {
    "columns": {
      "id": 1,
      "primary_contact_id": 1,
    },
    "serialColumn": "id",
    "serialIndex": undefined,
    "table": "fit_account",
    "updateMaxSerial": true,
  },
  {
    "columns": {
      "account_id": 2,
      "id": 2,
      "title": "contact 2",
    },
    "serialColumn": "id",
    "serialIndex": undefined,
    "table": "fit_contact",
    "updateMaxSerial": true,
  },
  {
    "columns": {
      "id": 2,
      "primary_contact_id": 2,
    },
    "serialColumn": "id",
    "serialIndex": undefined,
    "table": "fit_account",
    "updateMaxSerial": true,
  },
]
`;

exports[`Laminar fixtures Should start and stop services: Entites 1`] = `
[
  {
    "columns": {
      "address_line_1": "Address 1 1",
      "address_line_2": "Address 1 2",
      "city": "City 1",
      "country": "UK",
      "county": "County 1",
      "id": 1,
      "postcode": "BST SW1",
      "source_system_id": 1,
    },
    "serialColumn": "id",
    "serialIndex": undefined,
    "table": "addresses",
    "updateMaxSerial": true,
  },
  {
    "columns": {
      "address_line_1": "Address 2 1",
      "address_line_2": "Address 2 2",
      "city": "City 2",
      "country": "UK",
      "county": "County 2",
      "id": 2,
      "postcode": "BST SW2",
      "source_system_id": 2,
    },
    "serialColumn": "id",
    "serialIndex": undefined,
    "table": "addresses",
    "updateMaxSerial": true,
  },
  {
    "columns": {
      "address_id": 2,
      "email": "email1@example.com",
      "first_name": "Test",
      "id": 1,
      "last_name": "Name 1",
      "phone": "11111 %s",
      "title": "Mr",
    },
    "serialColumn": "id",
    "serialIndex": undefined,
    "table": "contacts",
    "updateMaxSerial": true,
  },
  {
    "columns": {
      "address_line_1": "Address 3 1",
      "address_line_2": "Address 3 2",
      "city": "City 3",
      "country": "UK",
      "county": "County 3",
      "id": 3,
      "postcode": "BST SW3",
      "source_system_id": 3,
    },
    "serialColumn": "id",
    "serialIndex": undefined,
    "table": "addresses",
    "updateMaxSerial": true,
  },
  {
    "columns": {
      "address_id": 3,
      "email": "email2@example.com",
      "first_name": "Name 2",
      "id": 2,
      "last_name": "Name 2",
      "phone": "11111 %s",
      "title": "Mrs",
    },
    "serialColumn": "id",
    "serialIndex": undefined,
    "table": "contacts",
    "updateMaxSerial": true,
  },
  {
    "columns": {
      "billing_address_id": 1,
      "customer_reference": "customer-1",
      "generator_id": "11111-1",
      "id": 1,
      "primary_contact_id": 1,
      "secondary_contact_id": 2,
      "source_system_id": 1,
    },
    "serialColumn": "id",
    "serialIndex": undefined,
    "table": "customers",
    "updateMaxSerial": true,
  },
  {
    "columns": {
      "customer_id": 1,
      "end_on": undefined,
      "id": 1,
      "payment_plan": "BACs",
      "start_on": 2020-01-01T00:00:00.000Z,
      "state": "Active",
    },
    "serialColumn": "id",
    "serialIndex": undefined,
    "table": "accounts",
    "updateMaxSerial": true,
  },
  {
    "columns": {
      "address_line_1": "Address 4 1",
      "address_line_2": "Address 4 2",
      "city": "City 4",
      "country": "UK",
      "county": "County 4",
      "id": 4,
      "postcode": "BST SW4",
      "source_system_id": 4,
    },
    "serialColumn": "id",
    "serialIndex": undefined,
    "table": "addresses",
    "updateMaxSerial": true,
  },
  {
    "columns": {
      "address_id": 4,
      "email": "email3@example.com",
      "first_name": "Name 3",
      "id": 3,
      "last_name": "Name 3",
      "phone": "11111 %s",
      "title": "Mr",
    },
    "serialColumn": "id",
    "serialIndex": undefined,
    "table": "contacts",
    "updateMaxSerial": true,
  },
  {
    "columns": {
      "code": "Tariff 1",
      "id": 1,
      "source_system_id": 1,
      "type": "Export",
    },
    "serialColumn": "id",
    "serialIndex": undefined,
    "table": "tariffs",
    "updateMaxSerial": true,
  },
  {
    "columns": {
      "code": "Tariff 2",
      "id": 2,
      "source_system_id": 2,
      "type": "Generation",
    },
    "serialColumn": "id",
    "serialIndex": undefined,
    "table": "tariffs",
    "updateMaxSerial": true,
  },
  {
    "columns": {
      "address_line_1": "Address 5 1",
      "address_line_2": "Address 5 2",
      "city": "City 5",
      "country": "UK",
      "county": "County 5",
      "id": 5,
      "postcode": "BST SW5",
      "source_system_id": 5,
    },
    "serialColumn": "id",
    "serialIndex": undefined,
    "table": "addresses",
    "updateMaxSerial": true,
  },
  {
    "columns": {
      "address_id": 5,
      "commissioned_on": 2020-01-01T00:00:00.000Z,
      "dnc_reference": 1000,
      "export_mpan": "11111111111111111",
      "export_type": "Deemed",
      "id": 1,
      "installed_on": 2020-01-01T00:00:00.000Z,
      "legacy_fit_db_id": "FIT1",
      "mcs_reference": "123",
      "name": "Installation 1",
      "property_type": "Domestic",
      "source_system_id": 1,
      "supply_mpan": "11111111111111111",
      "technology_type": "PV",
      "tic_reference": 1000,
      "type": "Retrofit",
    },
    "serialColumn": "id",
    "serialIndex": undefined,
    "table": "installations",
    "updateMaxSerial": true,
  },
  {
    "columns": {
      "account_id": 1,
      "contact_id": 3,
      "export_tariff_id": 1,
      "generation_tariff_id": 2,
      "id": 1,
      "installation_id": 1,
      "scheme_account_reference": "FIT1",
      "scheme_type": "FIT",
      "source_system_id": 1,
      "terms_and_conditions_agreed": true,
    },
    "serialColumn": "id",
    "serialIndex": undefined,
    "table": "contracts",
    "updateMaxSerial": true,
  },
  {
    "columns": {
      "gsp": "_L",
      "hh_metered": true,
      "id": 1,
      "make": "Make 1",
      "model": "Model 1",
      "mpan": "11111111",
      "serial_number": "123123123",
      "shared": false,
      "source_system_id": 1,
    },
    "serialColumn": "id",
    "serialIndex": undefined,
    "table": "meters",
    "updateMaxSerial": true,
  },
  {
    "columns": {
      "id": 1,
      "installation_id": 1,
      "meter_id": 1,
      "meter_type": "Generation",
      "source_system_id": 1,
      "start_on": 2020-01-01T00:00:00.000Z,
    },
    "serialColumn": "id",
    "serialIndex": undefined,
    "table": "installation_meters",
    "updateMaxSerial": true,
  },
  {
    "columns": {
      "gsp": "_L",
      "hh_metered": true,
      "id": 2,
      "make": "Make 2",
      "model": "Model 2",
      "mpan": "11111111",
      "serial_number": "123123123",
      "shared": false,
      "source_system_id": 2,
    },
    "serialColumn": "id",
    "serialIndex": undefined,
    "table": "meters",
    "updateMaxSerial": true,
  },
  {
    "columns": {
      "id": 2,
      "installation_id": 1,
      "meter_id": 2,
      "meter_type": "Export",
      "source_system_id": 2,
      "start_on": 2020-01-01T00:00:00.000Z,
    },
    "serialColumn": "id",
    "serialIndex": undefined,
    "table": "installation_meters",
    "updateMaxSerial": true,
  },
  {
    "columns": {
      "end_date_on": 3000-01-01T00:00:00.000Z,
      "id": 1,
      "rate": 5,
      "source_system_id": 1,
      "start_date_on": 2000-01-01T00:00:00.000Z,
      "tariff_id": 2,
    },
    "serialColumn": "id",
    "serialIndex": undefined,
    "table": "tariff_rates",
    "updateMaxSerial": true,
  },
  {
    "columns": {
      "end_date_on": 3000-01-01T00:00:00.000Z,
      "id": 2,
      "rate": 5,
      "source_system_id": 2,
      "start_date_on": 2000-01-01T00:00:00.000Z,
      "tariff_id": 2,
    },
    "serialColumn": "id",
    "serialIndex": undefined,
    "table": "tariff_rates",
    "updateMaxSerial": true,
  },
  {
    "columns": {
      "date_on": 2021-01-01T00:00:00.000Z,
      "deleted_at": undefined,
      "history": "[]",
      "id": 1,
      "is_accepted": true,
      "meter_id": 1,
      "reason": "FQ1",
      "source_system_id": 1,
      "submitted_at": 2020-01-01T00:00:00.000Z,
      "tolerance": 0,
      "type": "Opening",
      "value": 0,
    },
    "serialColumn": "id",
    "serialIndex": undefined,
    "table": "fixtures_meter_reads",
    "updateMaxSerial": true,
  },
  {
    "columns": {
      "date_on": 2021-03-01T00:00:00.000Z,
      "deleted_at": undefined,
      "history": "[]",
      "id": 2,
      "is_accepted": true,
      "meter_id": 1,
      "reason": "Opening",
      "source_system_id": 2,
      "submitted_at": 2020-01-01T00:00:00.000Z,
      "tolerance": 0,
      "type": "Quarterly",
      "value": 100,
    },
    "serialColumn": "id",
    "serialIndex": undefined,
    "table": "fixtures_meter_reads",
    "updateMaxSerial": true,
  },
  {
    "columns": {
      "date_on": 2021-01-01T00:00:00.000Z,
      "deleted_at": undefined,
      "history": "[]",
      "id": 3,
      "is_accepted": true,
      "meter_id": 2,
      "reason": "FQ1",
      "source_system_id": 3,
      "submitted_at": 2020-01-01T00:00:00.000Z,
      "tolerance": 0,
      "type": "Opening",
      "value": 0,
    },
    "serialColumn": "id",
    "serialIndex": undefined,
    "table": "fixtures_meter_reads",
    "updateMaxSerial": true,
  },
  {
    "columns": {
      "date_on": 2021-03-01T00:00:00.000Z,
      "deleted_at": undefined,
      "history": "[]",
      "id": 4,
      "is_accepted": true,
      "meter_id": 2,
      "reason": "Opening",
      "source_system_id": 4,
      "submitted_at": 2020-01-01T00:00:00.000Z,
      "tolerance": 0,
      "type": "Quarterly",
      "value": 100,
    },
    "serialColumn": "id",
    "serialIndex": undefined,
    "table": "fixtures_meter_reads",
    "updateMaxSerial": true,
  },
]
`;

exports[`Laminar fixtures Should start and stop services: Setup Queries 1`] = `
[
  {
    "text": "INSERT INTO "addresses" ("address_line_1", "address_line_2", "city", "country", "county", "id", "postcode", "source_system_id") VALUES ($1,$2,$3,$4,$5,$6,$7,$8),($9,$10,$11,$12,$13,$14,$15,$16),($17,$18,$19,$20,$21,$22,$23,$24),($25,$26,$27,$28,$29,$30,$31,$32),($33,$34,$35,$36,$37,$38,$39,$40)",
    "values": [
      "Address 1 1",
      "Address 1 2",
      "City 1",
      "UK",
      "County 1",
      1,
      "BST SW1",
      1,
      "Address 2 1",
      "Address 2 2",
      "City 2",
      "UK",
      "County 2",
      2,
      "BST SW2",
      2,
      "Address 3 1",
      "Address 3 2",
      "City 3",
      "UK",
      "County 3",
      3,
      "BST SW3",
      3,
      "Address 4 1",
      "Address 4 2",
      "City 4",
      "UK",
      "County 4",
      4,
      "BST SW4",
      4,
      "Address 5 1",
      "Address 5 2",
      "City 5",
      "UK",
      "County 5",
      5,
      "BST SW5",
      5,
    ],
  },
  {
    "text": "SELECT setval(pg_get_serial_sequence('addresses', 'id'), coalesce(max("id"), 0)+1 , false) FROM "addresses";",
    "values": [],
  },
  {
    "text": "INSERT INTO "contacts" ("address_id", "email", "first_name", "id", "last_name", "phone", "title") VALUES ($1,$2,$3,$4,$5,$6,$7),($8,$9,$10,$11,$12,$13,$14),($15,$16,$17,$18,$19,$20,$21)",
    "values": [
      2,
      "email1@example.com",
      "Test",
      1,
      "Name 1",
      "11111 %s",
      "Mr",
      3,
      "email2@example.com",
      "Name 2",
      2,
      "Name 2",
      "11111 %s",
      "Mrs",
      4,
      "email3@example.com",
      "Name 3",
      3,
      "Name 3",
      "11111 %s",
      "Mr",
    ],
  },
  {
    "text": "SELECT setval(pg_get_serial_sequence('contacts', 'id'), coalesce(max("id"), 0)+1 , false) FROM "contacts";",
    "values": [],
  },
  {
    "text": "INSERT INTO "customers" ("billing_address_id", "customer_reference", "generator_id", "id", "primary_contact_id", "secondary_contact_id", "source_system_id") VALUES ($1,$2,$3,$4,$5,$6,$7)",
    "values": [
      1,
      "customer-1",
      "11111-1",
      1,
      1,
      2,
      1,
    ],
  },
  {
    "text": "SELECT setval(pg_get_serial_sequence('customers', 'id'), coalesce(max("id"), 0)+1 , false) FROM "customers";",
    "values": [],
  },
  {
    "text": "INSERT INTO "accounts" ("customer_id", "end_on", "id", "payment_plan", "start_on", "state") VALUES ($1,$2,$3,$4,$5,$6)",
    "values": [
      1,
      null,
      1,
      "BACs",
      2020-01-01T00:00:00.000Z,
      "Active",
    ],
  },
  {
    "text": "SELECT setval(pg_get_serial_sequence('accounts', 'id'), coalesce(max("id"), 0)+1 , false) FROM "accounts";",
    "values": [],
  },
  {
    "text": "INSERT INTO "tariffs" ("code", "id", "source_system_id", "type") VALUES ($1,$2,$3,$4),($5,$6,$7,$8)",
    "values": [
      "Tariff 1",
      1,
      1,
      "Export",
      "Tariff 2",
      2,
      2,
      "Generation",
    ],
  },
  {
    "text": "SELECT setval(pg_get_serial_sequence('tariffs', 'id'), coalesce(max("id"), 0)+1 , false) FROM "tariffs";",
    "values": [],
  },
  {
    "text": "INSERT INTO "installations" ("address_id", "commissioned_on", "dnc_reference", "export_mpan", "export_type", "id", "installed_on", "legacy_fit_db_id", "mcs_reference", "name", "property_type", "source_system_id", "supply_mpan", "technology_type", "tic_reference", "type") VALUES ($1,$2,$3,$4,$5,$6,$7,$8,$9,$10,$11,$12,$13,$14,$15,$16)",
    "values": [
      5,
      2020-01-01T00:00:00.000Z,
      1000,
      "11111111111111111",
      "Deemed",
      1,
      2020-01-01T00:00:00.000Z,
      "FIT1",
      "123",
      "Installation 1",
      "Domestic",
      1,
      "11111111111111111",
      "PV",
      1000,
      "Retrofit",
    ],
  },
  {
    "text": "SELECT setval(pg_get_serial_sequence('installations', 'id'), coalesce(max("id"), 0)+1 , false) FROM "installations";",
    "values": [],
  },
  {
    "text": "INSERT INTO "contracts" ("account_id", "contact_id", "export_tariff_id", "generation_tariff_id", "id", "installation_id", "scheme_account_reference", "scheme_type", "source_system_id", "terms_and_conditions_agreed") VALUES ($1,$2,$3,$4,$5,$6,$7,$8,$9,$10)",
    "values": [
      1,
      3,
      1,
      2,
      1,
      1,
      "FIT1",
      "FIT",
      1,
      true,
    ],
  },
  {
    "text": "SELECT setval(pg_get_serial_sequence('contracts', 'id'), coalesce(max("id"), 0)+1 , false) FROM "contracts";",
    "values": [],
  },
  {
    "text": "INSERT INTO "meters" ("gsp", "hh_metered", "id", "make", "model", "mpan", "serial_number", "shared", "source_system_id") VALUES ($1,$2,$3,$4,$5,$6,$7,$8,$9),($10,$11,$12,$13,$14,$15,$16,$17,$18)",
    "values": [
      "_L",
      true,
      1,
      "Make 1",
      "Model 1",
      "11111111",
      "123123123",
      false,
      1,
      "_L",
      true,
      2,
      "Make 2",
      "Model 2",
      "11111111",
      "123123123",
      false,
      2,
    ],
  },
  {
    "text": "SELECT setval(pg_get_serial_sequence('meters', 'id'), coalesce(max("id"), 0)+1 , false) FROM "meters";",
    "values": [],
  },
  {
    "text": "INSERT INTO "installation_meters" ("id", "installation_id", "meter_id", "meter_type", "source_system_id", "start_on") VALUES ($1,$2,$3,$4,$5,$6),($7,$8,$9,$10,$11,$12)",
    "values": [
      1,
      1,
      1,
      "Generation",
      1,
      2020-01-01T00:00:00.000Z,
      2,
      1,
      2,
      "Export",
      2,
      2020-01-01T00:00:00.000Z,
    ],
  },
  {
    "text": "SELECT setval(pg_get_serial_sequence('installation_meters', 'id'), coalesce(max("id"), 0)+1 , false) FROM "installation_meters";",
    "values": [],
  },
  {
    "text": "INSERT INTO "tariff_rates" ("end_date_on", "id", "rate", "source_system_id", "start_date_on", "tariff_id") VALUES ($1,$2,$3,$4,$5,$6),($7,$8,$9,$10,$11,$12)",
    "values": [
      3000-01-01T00:00:00.000Z,
      1,
      5,
      1,
      2000-01-01T00:00:00.000Z,
      2,
      3000-01-01T00:00:00.000Z,
      2,
      5,
      2,
      2000-01-01T00:00:00.000Z,
      2,
    ],
  },
  {
    "text": "SELECT setval(pg_get_serial_sequence('tariff_rates', 'id'), coalesce(max("id"), 0)+1 , false) FROM "tariff_rates";",
    "values": [],
  },
  {
    "text": "INSERT INTO "fixtures_meter_reads" ("date_on", "deleted_at", "history", "id", "is_accepted", "meter_id", "reason", "source_system_id", "submitted_at", "tolerance", "type", "value") VALUES ($1,$2,$3,$4,$5,$6,$7,$8,$9,$10,$11,$12),($13,$14,$15,$16,$17,$18,$19,$20,$21,$22,$23,$24),($25,$26,$27,$28,$29,$30,$31,$32,$33,$34,$35,$36),($37,$38,$39,$40,$41,$42,$43,$44,$45,$46,$47,$48)",
    "values": [
      2021-01-01T00:00:00.000Z,
      null,
      "[]",
      1,
      true,
      1,
      "FQ1",
      1,
      2020-01-01T00:00:00.000Z,
      0,
      "Opening",
      0,
      2021-03-01T00:00:00.000Z,
      null,
      "[]",
      2,
      true,
      1,
      "Opening",
      2,
      2020-01-01T00:00:00.000Z,
      0,
      "Quarterly",
      100,
      2021-01-01T00:00:00.000Z,
      null,
      "[]",
      3,
      true,
      2,
      "FQ1",
      3,
      2020-01-01T00:00:00.000Z,
      0,
      "Opening",
      0,
      2021-03-01T00:00:00.000Z,
      null,
      "[]",
      4,
      true,
      2,
      "Opening",
      4,
      2020-01-01T00:00:00.000Z,
      0,
      "Quarterly",
      100,
    ],
  },
  {
    "text": "SELECT setval(pg_get_serial_sequence('fixtures_meter_reads', 'id'), coalesce(max("id"), 0)+1 , false) FROM "fixtures_meter_reads";",
    "values": [],
  },
]
`;

exports[`Laminar fixtures Should start and stop services: Teardown Queries 1`] = `
[
  {
    "text": "DELETE FROM "fixtures_meter_reads" WHERE id IN ($1, $2, $3, $4)",
    "values": [
      1,
      2,
      3,
      4,
    ],
  },
  {
    "text": "DELETE FROM "tariff_rates" WHERE id IN ($1, $2)",
    "values": [
      1,
      2,
    ],
  },
  {
    "text": "DELETE FROM "installation_meters" WHERE id IN ($1, $2)",
    "values": [
      1,
      2,
    ],
  },
  {
    "text": "DELETE FROM "meters" WHERE id IN ($1, $2)",
    "values": [
      1,
      2,
    ],
  },
  {
    "text": "DELETE FROM "contracts" WHERE id IN ($1)",
    "values": [
      1,
    ],
  },
  {
    "text": "DELETE FROM "installations" WHERE id IN ($1)",
    "values": [
      1,
    ],
  },
  {
    "text": "DELETE FROM "tariffs" WHERE id IN ($1, $2)",
    "values": [
      1,
      2,
    ],
  },
  {
    "text": "DELETE FROM "accounts" WHERE id IN ($1)",
    "values": [
      1,
    ],
  },
  {
    "text": "DELETE FROM "customers" WHERE id IN ($1)",
    "values": [
      1,
    ],
  },
  {
    "text": "DELETE FROM "contacts" WHERE id IN ($1, $2, $3)",
    "values": [
      1,
      2,
      3,
    ],
  },
  {
    "text": "DELETE FROM "addresses" WHERE id IN ($1, $2, $3, $4, $5)",
    "values": [
      1,
      2,
      3,
      4,
      5,
    ],
  },
]
`;
